#splashimage=/boot/grub/kademar.xpm.gz

gfxmenu = /boot/grub/bootlogo

timeout = 7


title	Normal
kernel	/boot/%KERNEL%	%BOOT_PARAM% %APPEND_TO_BOOTPARAM% vga=791 lang=ca
initrd          /boot/initrd-%kversion%.gz
boot

#kademar#title	Normal - Desar Canvis
#kademar#kernel	/boot/%KERNEL%	%BOOT_PARAM% %APPEND_TO_BOOTPARAM% vga=791 lang=ca changes=/kademar/
#kademar#initrd          /boot/initrd-%kversion%.gz
#kademar#boot

title   Copia a RAM
kernel  /boot/%KERNEL%  %BOOT_PARAM% %APPEND_TO_BOOTPARAM% vga=791 copy2ram lang=ca 
initrd          /boot/initrd-%kversion%.gz
boot

title   Pantalla 1024x768
kernel  /boot/%KERNEL%  %BOOT_PARAM% %APPEND_TO_BOOTPARAM% vga=791 resol=1024x768 lang=ca 
initrd          /boot/initrd-%kversion%.gz
boot


title ---   Enrera   ---
configfile /boot/grub/menu.lst

title

title	Pantalles Velles
kernel	/boot/%KERNEL%	%BOOT_PARAM% %APPEND_TO_BOOTPARAM% vga=781 xmodule=vesa resol=800x600 lang=ca
initrd          /boot/initrd-%kversion%.gz
boot


title	Ordinadors Antics
kernel	/boot/%KERNEL%	%BOOT_PARAM% %APPEND_TO_BOOTPARAM% vga=791 noacpi noapm noapic lang=ca
initrd          /boot/initrd-%kversion%.gz
boot


title	Instala en Consola
kernel	/boot/%KERNEL%	%BOOT_PARAM% %APPEND_TO_BOOTPARAM% vga=791 noacpi noapm noapic nox installdialog lang=ca
initrd          /boot/initrd-%kversion%.gz
boot

#title	Debug
#kernel	/boot/%KERNEL%	%BOOT_PARAM% %APPEND_TO_BOOTPARAM% debug lang=ca
#initrd          /boot/initrd-%kversion%.gz
#boot